  Determining projects to restore...
  All projects are up-to-date for restore.
C:\Program Files\dotnet\sdk\10.0.200-preview.0.26103.119\Sdks\Microsoft.NET.Sdk\targets\Microsoft.NET.RuntimeIdentifierInference.targets(383,5): message NETSDK1057: You are using a preview version of .NET. See: https://aka.ms/dotnet-support-policy [D:\Codeing\FileSystemEventStoreWithDCB\Opossum\tests\Opossum.IntegrationTests\Opossum.IntegrationTests.csproj]
C:\Program Files\dotnet\sdk\10.0.200-preview.0.26103.119\Sdks\Microsoft.NET.Sdk\targets\Microsoft.NET.RuntimeIdentifierInference.targets(383,5): message NETSDK1057: You are using a preview version of .NET. See: https://aka.ms/dotnet-support-policy [D:\Codeing\FileSystemEventStoreWithDCB\Opossum\tests\Samples\Opossum.Samples.DataSeeder.UnitTests\Opossum.Samples.DataSeeder.UnitTests.csproj]
C:\Program Files\dotnet\sdk\10.0.200-preview.0.26103.119\Sdks\Microsoft.NET.Sdk\targets\Microsoft.NET.RuntimeIdentifierInference.targets(383,5): message NETSDK1057: You are using a preview version of .NET. See: https://aka.ms/dotnet-support-policy [D:\Codeing\FileSystemEventStoreWithDCB\Opossum\tests\Opossum.UnitTests\Opossum.UnitTests.csproj]
C:\Program Files\dotnet\sdk\10.0.200-preview.0.26103.119\Sdks\Microsoft.NET.Sdk\targets\Microsoft.NET.RuntimeIdentifierInference.targets(383,5): message NETSDK1057: You are using a preview version of .NET. See: https://aka.ms/dotnet-support-policy [D:\Codeing\FileSystemEventStoreWithDCB\Opossum\tests\Samples\Opossum.Samples.CourseManagement.IntegrationTests\Opossum.Samples.CourseManagement.IntegrationTests.csproj]
C:\Program Files\dotnet\sdk\10.0.200-preview.0.26103.119\Sdks\Microsoft.NET.Sdk\targets\Microsoft.NET.RuntimeIdentifierInference.targets(383,5): message NETSDK1057: You are using a preview version of .NET. See: https://aka.ms/dotnet-support-policy [D:\Codeing\FileSystemEventStoreWithDCB\Opossum\tests\Opossum.BenchmarkTests\Opossum.BenchmarkTests.csproj]
C:\Program Files\dotnet\sdk\10.0.200-preview.0.26103.119\Sdks\Microsoft.NET.Sdk\targets\Microsoft.NET.RuntimeIdentifierInference.targets(383,5): message NETSDK1057: You are using a preview version of .NET. See: https://aka.ms/dotnet-support-policy [D:\Codeing\FileSystemEventStoreWithDCB\Opossum\tests\Samples\Opossum.Samples.DataSeeder.IntegrationTests\Opossum.Samples.DataSeeder.IntegrationTests.csproj]
C:\Program Files\dotnet\sdk\10.0.200-preview.0.26103.119\Sdks\Microsoft.NET.Sdk\targets\Microsoft.NET.RuntimeIdentifierInference.targets(383,5): message NETSDK1057: You are using a preview version of .NET. See: https://aka.ms/dotnet-support-policy [D:\Codeing\FileSystemEventStoreWithDCB\Opossum\Samples\Opossum.Samples.DataSeeder\Opossum.Samples.DataSeeder.csproj]
C:\Program Files\dotnet\sdk\10.0.200-preview.0.26103.119\Sdks\Microsoft.NET.Sdk\targets\Microsoft.NET.RuntimeIdentifierInference.targets(383,5): message NETSDK1057: You are using a preview version of .NET. See: https://aka.ms/dotnet-support-policy [D:\Codeing\FileSystemEventStoreWithDCB\Opossum\src\Opossum\Opossum.csproj]
C:\Program Files\dotnet\sdk\10.0.200-preview.0.26103.119\Sdks\Microsoft.NET.Sdk\targets\Microsoft.NET.RuntimeIdentifierInference.targets(383,5): message NETSDK1057: You are using a preview version of .NET. See: https://aka.ms/dotnet-support-policy [D:\Codeing\FileSystemEventStoreWithDCB\Opossum\tests\Samples\Opossum.Samples.CourseManagement.UnitTests\Opossum.Samples.CourseManagement.UnitTests.csproj]
C:\Program Files\dotnet\sdk\10.0.200-preview.0.26103.119\Sdks\Microsoft.NET.Sdk\targets\Microsoft.NET.RuntimeIdentifierInference.targets(383,5): message NETSDK1057: You are using a preview version of .NET. See: https://aka.ms/dotnet-support-policy [D:\Codeing\FileSystemEventStoreWithDCB\Opossum\Samples\Opossum.Samples.CourseManagement\Opossum.Samples.CourseManagement.csproj]
D:\Codeing\FileSystemEventStoreWithDCB\Opossum\src\Opossum\DecisionModel\DecisionModel.cs(7,16): warning CS0419: Ambiguous reference in cref attribute: 'DecisionModelExtensions.BuildDecisionModelAsync{TState}'. Assuming 'Opossum.DecisionModel.DecisionModelExtensions.BuildDecisionModelAsync<TState>(Opossum.IEventStore, Opossum.DecisionModel.IDecisionProjection<TState>, System.Threading.CancellationToken)', but could have also matched other overloads including 'Opossum.DecisionModel.DecisionModelExtensions.BuildDecisionModelAsync<TState>(Opossum.IEventStore, System.Collections.Generic.IReadOnlyList<Opossum.DecisionModel.IDecisionProjection<TState>>, System.Threading.CancellationToken)'. [D:\Codeing\FileSystemEventStoreWithDCB\Opossum\src\Opossum\Opossum.csproj]
  Opossum -> D:\Codeing\FileSystemEventStoreWithDCB\Opossum\src\Opossum\bin\Debug\net10.0\Opossum.dll
  Opossum.BenchmarkTests -> D:\Codeing\FileSystemEventStoreWithDCB\Opossum\tests\Opossum.BenchmarkTests\bin\Debug\net10.0\Opossum.BenchmarkTests.dll
D:\Codeing\FileSystemEventStoreWithDCB\Opossum\tests\Opossum.IntegrationTests\Projections\ProjectionManagerTests.cs(77,23): warning IDE1006: Naming rule violation: Missing suffix: 'Async' (https://learn.microsoft.com/dotnet/fundamentals/code-analysis/style-rules/ide1006) [D:\Codeing\FileSystemEventStoreWithDCB\Opossum\tests\Opossum.IntegrationTests\Opossum.IntegrationTests.csproj]
D:\Codeing\FileSystemEventStoreWithDCB\Opossum\tests\Opossum.IntegrationTests\Projections\ProjectionManagerTests.cs(90,23): warning IDE1006: Naming rule violation: Missing suffix: 'Async' (https://learn.microsoft.com/dotnet/fundamentals/code-analysis/style-rules/ide1006) [D:\Codeing\FileSystemEventStoreWithDCB\Opossum\tests\Opossum.IntegrationTests\Opossum.IntegrationTests.csproj]
D:\Codeing\FileSystemEventStoreWithDCB\Opossum\tests\Opossum.IntegrationTests\Projections\ProjectionManagerTests.cs(118,23): warning IDE1006: Naming rule violation: Missing suffix: 'Async' (https://learn.microsoft.com/dotnet/fundamentals/code-analysis/style-rules/ide1006) [D:\Codeing\FileSystemEventStoreWithDCB\Opossum\tests\Opossum.IntegrationTests\Opossum.IntegrationTests.csproj]
D:\Codeing\FileSystemEventStoreWithDCB\Opossum\tests\Opossum.IntegrationTests\Projections\ProjectionManagerTests.cs(129,23): warning IDE1006: Naming rule violation: Missing suffix: 'Async' (https://learn.microsoft.com/dotnet/fundamentals/code-analysis/style-rules/ide1006) [D:\Codeing\FileSystemEventStoreWithDCB\Opossum\tests\Opossum.IntegrationTests\Opossum.IntegrationTests.csproj]
D:\Codeing\FileSystemEventStoreWithDCB\Opossum\tests\Opossum.IntegrationTests\Projections\ProjectionManagerTests.cs(159,23): warning IDE1006: Naming rule violation: Missing suffix: 'Async' (https://learn.microsoft.com/dotnet/fundamentals/code-analysis/style-rules/ide1006) [D:\Codeing\FileSystemEventStoreWithDCB\Opossum\tests\Opossum.IntegrationTests\Opossum.IntegrationTests.csproj]
D:\Codeing\FileSystemEventStoreWithDCB\Opossum\tests\Opossum.IntegrationTests\Projections\ProjectionManagerTests.cs(170,23): warning IDE1006: Naming rule violation: Missing suffix: 'Async' (https://learn.microsoft.com/dotnet/fundamentals/code-analysis/style-rules/ide1006) [D:\Codeing\FileSystemEventStoreWithDCB\Opossum\tests\Opossum.IntegrationTests\Opossum.IntegrationTests.csproj]
D:\Codeing\FileSystemEventStoreWithDCB\Opossum\tests\Opossum.IntegrationTests\Projections\ProjectionManagerTests.cs(183,23): warning IDE1006: Naming rule violation: Missing suffix: 'Async' (https://learn.microsoft.com/dotnet/fundamentals/code-analysis/style-rules/ide1006) [D:\Codeing\FileSystemEventStoreWithDCB\Opossum\tests\Opossum.IntegrationTests\Opossum.IntegrationTests.csproj]
  Opossum.IntegrationTests -> D:\Codeing\FileSystemEventStoreWithDCB\Opossum\tests\Opossum.IntegrationTests\bin\Debug\net10.0\Opossum.IntegrationTests.dll
  Opossum.UnitTests -> D:\Codeing\FileSystemEventStoreWithDCB\Opossum\tests\Opossum.UnitTests\bin\Debug\net10.0\Opossum.UnitTests.dll
D:\Codeing\FileSystemEventStoreWithDCB\Opossum\Samples\Opossum.Samples.CourseManagement\CourseBookPurchase\CourseBookPriceProjections.cs(79,36): warning IDE0075: Conditional expression can be simplified (https://learn.microsoft.com/dotnet/fundamentals/code-analysis/style-rules/ide0075) [D:\Codeing\FileSystemEventStoreWithDCB\Opossum\Samples\Opossum.Samples.CourseManagement\Opossum.Samples.CourseManagement.csproj]
D:\Codeing\FileSystemEventStoreWithDCB\Opossum\Samples\Opossum.Samples.CourseManagement\CourseBookOrderHistory\CourseBookOrderHistoryProjection.cs(51,22): warning IDE0305: Collection initialization can be simplified (https://learn.microsoft.com/dotnet/fundamentals/code-analysis/style-rules/ide0305) [D:\Codeing\FileSystemEventStoreWithDCB\Opossum\Samples\Opossum.Samples.CourseManagement\Opossum.Samples.CourseManagement.csproj]
D:\Codeing\FileSystemEventStoreWithDCB\Opossum\Samples\Opossum.Samples.CourseManagement\CourseBookPurchase\OrderCourseBooksCommand.cs(98,13): warning IDE0004: Cast is redundant. (https://learn.microsoft.com/dotnet/fundamentals/code-analysis/style-rules/ide0004) [D:\Codeing\FileSystemEventStoreWithDCB\Opossum\Samples\Opossum.Samples.CourseManagement\Opossum.Samples.CourseManagement.csproj]
D:\Codeing\FileSystemEventStoreWithDCB\Opossum\Samples\Opossum.Samples.CourseManagement\StudentPurchasedBooks\StudentPurchasedBooksProjection.cs(93,18): warning IDE0305: Collection initialization can be simplified (https://learn.microsoft.com/dotnet/fundamentals/code-analysis/style-rules/ide0305) [D:\Codeing\FileSystemEventStoreWithDCB\Opossum\Samples\Opossum.Samples.CourseManagement\Opossum.Samples.CourseManagement.csproj]
  Opossum.Samples.CourseManagement -> D:\Codeing\FileSystemEventStoreWithDCB\Opossum\Samples\Opossum.Samples.CourseManagement\bin\Debug\net10.0\Opossum.Samples.CourseManagement.dll
D:\Codeing\FileSystemEventStoreWithDCB\Opossum\Samples\Opossum.Samples.DataSeeder\Core\SeedContext.cs(35,78): warning IDE0028: Collection initialization can be simplified (https://learn.microsoft.com/dotnet/fundamentals/code-analysis/style-rules/ide0028) [D:\Codeing\FileSystemEventStoreWithDCB\Opossum\Samples\Opossum.Samples.DataSeeder\Opossum.Samples.DataSeeder.csproj]
D:\Codeing\FileSystemEventStoreWithDCB\Opossum\Samples\Opossum.Samples.DataSeeder\Core\SeedContext.cs(23,68): warning IDE0028: Collection initialization can be simplified (https://learn.microsoft.com/dotnet/fundamentals/code-analysis/style-rules/ide0028) [D:\Codeing\FileSystemEventStoreWithDCB\Opossum\Samples\Opossum.Samples.DataSeeder\Opossum.Samples.DataSeeder.csproj]
D:\Codeing\FileSystemEventStoreWithDCB\Opossum\Samples\Opossum.Samples.DataSeeder\Core\SeedContext.cs(29,69): warning IDE0028: Collection initialization can be simplified (https://learn.microsoft.com/dotnet/fundamentals/code-analysis/style-rules/ide0028) [D:\Codeing\FileSystemEventStoreWithDCB\Opossum\Samples\Opossum.Samples.DataSeeder\Opossum.Samples.DataSeeder.csproj]
D:\Codeing\FileSystemEventStoreWithDCB\Opossum\Samples\Opossum.Samples.DataSeeder\SeedingConfiguration.cs(67,17): warning IDE0004: Cast is redundant. (https://learn.microsoft.com/dotnet/fundamentals/code-analysis/style-rules/ide0004) [D:\Codeing\FileSystemEventStoreWithDCB\Opossum\Samples\Opossum.Samples.DataSeeder\Opossum.Samples.DataSeeder.csproj]
D:\Codeing\FileSystemEventStoreWithDCB\Opossum\Samples\Opossum.Samples.DataSeeder\Generators\CourseBookGenerator.cs(110,36): warning IDE0004: Cast is redundant. (https://learn.microsoft.com/dotnet/fundamentals/code-analysis/style-rules/ide0004) [D:\Codeing\FileSystemEventStoreWithDCB\Opossum\Samples\Opossum.Samples.DataSeeder\Opossum.Samples.DataSeeder.csproj]
D:\Codeing\FileSystemEventStoreWithDCB\Opossum\Samples\Opossum.Samples.DataSeeder\Generators\CourseBookGenerator.cs(170,96): warning IDE0305: Collection initialization can be simplified (https://learn.microsoft.com/dotnet/fundamentals/code-analysis/style-rules/ide0305) [D:\Codeing\FileSystemEventStoreWithDCB\Opossum\Samples\Opossum.Samples.DataSeeder\Opossum.Samples.DataSeeder.csproj]
D:\Codeing\FileSystemEventStoreWithDCB\Opossum\Samples\Opossum.Samples.DataSeeder\Generators\CourseBookGenerator.cs(177,92): warning IDE0305: Collection initialization can be simplified (https://learn.microsoft.com/dotnet/fundamentals/code-analysis/style-rules/ide0305) [D:\Codeing\FileSystemEventStoreWithDCB\Opossum\Samples\Opossum.Samples.DataSeeder\Opossum.Samples.DataSeeder.csproj]
D:\Codeing\FileSystemEventStoreWithDCB\Opossum\tests\Samples\Opossum.Samples.CourseManagement.UnitTests\CourseAggregateTests.cs(162,35): warning IDE0004: Cast is redundant. (https://learn.microsoft.com/dotnet/fundamentals/code-analysis/style-rules/ide0004) [D:\Codeing\FileSystemEventStoreWithDCB\Opossum\tests\Samples\Opossum.Samples.CourseManagement.UnitTests\Opossum.Samples.CourseManagement.UnitTests.csproj]
D:\Codeing\FileSystemEventStoreWithDCB\Opossum\tests\Samples\Opossum.Samples.CourseManagement.UnitTests\CourseAggregateTests.cs(177,13): warning IDE0004: Cast is redundant. (https://learn.microsoft.com/dotnet/fundamentals/code-analysis/style-rules/ide0004) [D:\Codeing\FileSystemEventStoreWithDCB\Opossum\tests\Samples\Opossum.Samples.CourseManagement.UnitTests\Opossum.Samples.CourseManagement.UnitTests.csproj]
D:\Codeing\FileSystemEventStoreWithDCB\Opossum\tests\Samples\Opossum.Samples.CourseManagement.UnitTests\CourseAggregateTests.cs(190,13): warning IDE0004: Cast is redundant. (https://learn.microsoft.com/dotnet/fundamentals/code-analysis/style-rules/ide0004) [D:\Codeing\FileSystemEventStoreWithDCB\Opossum\tests\Samples\Opossum.Samples.CourseManagement.UnitTests\Opossum.Samples.CourseManagement.UnitTests.csproj]
D:\Codeing\FileSystemEventStoreWithDCB\Opossum\tests\Samples\Opossum.Samples.CourseManagement.UnitTests\CourseAggregateTests.cs(205,13): warning IDE0004: Cast is redundant. (https://learn.microsoft.com/dotnet/fundamentals/code-analysis/style-rules/ide0004) [D:\Codeing\FileSystemEventStoreWithDCB\Opossum\tests\Samples\Opossum.Samples.CourseManagement.UnitTests\Opossum.Samples.CourseManagement.UnitTests.csproj]
D:\Codeing\FileSystemEventStoreWithDCB\Opossum\tests\Samples\Opossum.Samples.CourseManagement.UnitTests\CourseAggregateTests.cs(220,13): warning IDE0004: Cast is redundant. (https://learn.microsoft.com/dotnet/fundamentals/code-analysis/style-rules/ide0004) [D:\Codeing\FileSystemEventStoreWithDCB\Opossum\tests\Samples\Opossum.Samples.CourseManagement.UnitTests\Opossum.Samples.CourseManagement.UnitTests.csproj]
D:\Codeing\FileSystemEventStoreWithDCB\Opossum\tests\Samples\Opossum.Samples.CourseManagement.UnitTests\CourseAggregateTests.cs(292,13): warning IDE0004: Cast is redundant. (https://learn.microsoft.com/dotnet/fundamentals/code-analysis/style-rules/ide0004) [D:\Codeing\FileSystemEventStoreWithDCB\Opossum\tests\Samples\Opossum.Samples.CourseManagement.UnitTests\Opossum.Samples.CourseManagement.UnitTests.csproj]
D:\Codeing\FileSystemEventStoreWithDCB\Opossum\tests\Samples\Opossum.Samples.CourseManagement.UnitTests\CourseAggregateTests.cs(306,13): warning IDE0004: Cast is redundant. (https://learn.microsoft.com/dotnet/fundamentals/code-analysis/style-rules/ide0004) [D:\Codeing\FileSystemEventStoreWithDCB\Opossum\tests\Samples\Opossum.Samples.CourseManagement.UnitTests\Opossum.Samples.CourseManagement.UnitTests.csproj]
D:\Codeing\FileSystemEventStoreWithDCB\Opossum\tests\Samples\Opossum.Samples.CourseManagement.UnitTests\CourseAggregateTests.cs(278,13): warning IDE0004: Cast is redundant. (https://learn.microsoft.com/dotnet/fundamentals/code-analysis/style-rules/ide0004) [D:\Codeing\FileSystemEventStoreWithDCB\Opossum\tests\Samples\Opossum.Samples.CourseManagement.UnitTests\Opossum.Samples.CourseManagement.UnitTests.csproj]
D:\Codeing\FileSystemEventStoreWithDCB\Opossum\tests\Samples\Opossum.Samples.CourseManagement.UnitTests\CourseAggregateTests.cs(320,13): warning IDE0004: Cast is redundant. (https://learn.microsoft.com/dotnet/fundamentals/code-analysis/style-rules/ide0004) [D:\Codeing\FileSystemEventStoreWithDCB\Opossum\tests\Samples\Opossum.Samples.CourseManagement.UnitTests\Opossum.Samples.CourseManagement.UnitTests.csproj]
  Opossum.Samples.CourseManagement.UnitTests -> D:\Codeing\FileSystemEventStoreWithDCB\Opossum\tests\Samples\Opossum.Samples.CourseManagement.UnitTests\bin\Debug\net10.0\Opossum.Samples.CourseManagement.UnitTests.dll
  Opossum.Samples.CourseManagement.IntegrationTests -> D:\Codeing\FileSystemEventStoreWithDCB\Opossum\tests\Samples\Opossum.Samples.CourseManagement.IntegrationTests\bin\Debug\net10.0\Opossum.Samples.CourseManagement.IntegrationTests.dll
  Opossum.Samples.DataSeeder -> D:\Codeing\FileSystemEventStoreWithDCB\Opossum\Samples\Opossum.Samples.DataSeeder\bin\Debug\net10.0\Opossum.Samples.DataSeeder.dll
  Opossum.Samples.DataSeeder.IntegrationTests -> D:\Codeing\FileSystemEventStoreWithDCB\Opossum\tests\Samples\Opossum.Samples.DataSeeder.IntegrationTests\bin\Debug\net10.0\Opossum.Samples.DataSeeder.IntegrationTests.dll
  Opossum.Samples.DataSeeder.UnitTests -> D:\Codeing\FileSystemEventStoreWithDCB\Opossum\tests\Samples\Opossum.Samples.DataSeeder.UnitTests\bin\Debug\net10.0\Opossum.Samples.DataSeeder.UnitTests.dll

Build succeeded.

D:\Codeing\FileSystemEventStoreWithDCB\Opossum\src\Opossum\DecisionModel\DecisionModel.cs(7,16): warning CS0419: Ambiguous reference in cref attribute: 'DecisionModelExtensions.BuildDecisionModelAsync{TState}'. Assuming 'Opossum.DecisionModel.DecisionModelExtensions.BuildDecisionModelAsync<TState>(Opossum.IEventStore, Opossum.DecisionModel.IDecisionProjection<TState>, System.Threading.CancellationToken)', but could have also matched other overloads including 'Opossum.DecisionModel.DecisionModelExtensions.BuildDecisionModelAsync<TState>(Opossum.IEventStore, System.Collections.Generic.IReadOnlyList<Opossum.DecisionModel.IDecisionProjection<TState>>, System.Threading.CancellationToken)'. [D:\Codeing\FileSystemEventStoreWithDCB\Opossum\src\Opossum\Opossum.csproj]
D:\Codeing\FileSystemEventStoreWithDCB\Opossum\tests\Opossum.IntegrationTests\Projections\ProjectionManagerTests.cs(77,23): warning IDE1006: Naming rule violation: Missing suffix: 'Async' (https://learn.microsoft.com/dotnet/fundamentals/code-analysis/style-rules/ide1006) [D:\Codeing\FileSystemEventStoreWithDCB\Opossum\tests\Opossum.IntegrationTests\Opossum.IntegrationTests.csproj]
D:\Codeing\FileSystemEventStoreWithDCB\Opossum\tests\Opossum.IntegrationTests\Projections\ProjectionManagerTests.cs(90,23): warning IDE1006: Naming rule violation: Missing suffix: 'Async' (https://learn.microsoft.com/dotnet/fundamentals/code-analysis/style-rules/ide1006) [D:\Codeing\FileSystemEventStoreWithDCB\Opossum\tests\Opossum.IntegrationTests\Opossum.IntegrationTests.csproj]
D:\Codeing\FileSystemEventStoreWithDCB\Opossum\tests\Opossum.IntegrationTests\Projections\ProjectionManagerTests.cs(118,23): warning IDE1006: Naming rule violation: Missing suffix: 'Async' (https://learn.microsoft.com/dotnet/fundamentals/code-analysis/style-rules/ide1006) [D:\Codeing\FileSystemEventStoreWithDCB\Opossum\tests\Opossum.IntegrationTests\Opossum.IntegrationTests.csproj]
D:\Codeing\FileSystemEventStoreWithDCB\Opossum\tests\Opossum.IntegrationTests\Projections\ProjectionManagerTests.cs(129,23): warning IDE1006: Naming rule violation: Missing suffix: 'Async' (https://learn.microsoft.com/dotnet/fundamentals/code-analysis/style-rules/ide1006) [D:\Codeing\FileSystemEventStoreWithDCB\Opossum\tests\Opossum.IntegrationTests\Opossum.IntegrationTests.csproj]
D:\Codeing\FileSystemEventStoreWithDCB\Opossum\tests\Opossum.IntegrationTests\Projections\ProjectionManagerTests.cs(159,23): warning IDE1006: Naming rule violation: Missing suffix: 'Async' (https://learn.microsoft.com/dotnet/fundamentals/code-analysis/style-rules/ide1006) [D:\Codeing\FileSystemEventStoreWithDCB\Opossum\tests\Opossum.IntegrationTests\Opossum.IntegrationTests.csproj]
D:\Codeing\FileSystemEventStoreWithDCB\Opossum\tests\Opossum.IntegrationTests\Projections\ProjectionManagerTests.cs(170,23): warning IDE1006: Naming rule violation: Missing suffix: 'Async' (https://learn.microsoft.com/dotnet/fundamentals/code-analysis/style-rules/ide1006) [D:\Codeing\FileSystemEventStoreWithDCB\Opossum\tests\Opossum.IntegrationTests\Opossum.IntegrationTests.csproj]
D:\Codeing\FileSystemEventStoreWithDCB\Opossum\tests\Opossum.IntegrationTests\Projections\ProjectionManagerTests.cs(183,23): warning IDE1006: Naming rule violation: Missing suffix: 'Async' (https://learn.microsoft.com/dotnet/fundamentals/code-analysis/style-rules/ide1006) [D:\Codeing\FileSystemEventStoreWithDCB\Opossum\tests\Opossum.IntegrationTests\Opossum.IntegrationTests.csproj]
D:\Codeing\FileSystemEventStoreWithDCB\Opossum\Samples\Opossum.Samples.CourseManagement\CourseBookPurchase\CourseBookPriceProjections.cs(79,36): warning IDE0075: Conditional expression can be simplified (https://learn.microsoft.com/dotnet/fundamentals/code-analysis/style-rules/ide0075) [D:\Codeing\FileSystemEventStoreWithDCB\Opossum\Samples\Opossum.Samples.CourseManagement\Opossum.Samples.CourseManagement.csproj]
D:\Codeing\FileSystemEventStoreWithDCB\Opossum\Samples\Opossum.Samples.CourseManagement\CourseBookOrderHistory\CourseBookOrderHistoryProjection.cs(51,22): warning IDE0305: Collection initialization can be simplified (https://learn.microsoft.com/dotnet/fundamentals/code-analysis/style-rules/ide0305) [D:\Codeing\FileSystemEventStoreWithDCB\Opossum\Samples\Opossum.Samples.CourseManagement\Opossum.Samples.CourseManagement.csproj]
D:\Codeing\FileSystemEventStoreWithDCB\Opossum\Samples\Opossum.Samples.CourseManagement\CourseBookPurchase\OrderCourseBooksCommand.cs(98,13): warning IDE0004: Cast is redundant. (https://learn.microsoft.com/dotnet/fundamentals/code-analysis/style-rules/ide0004) [D:\Codeing\FileSystemEventStoreWithDCB\Opossum\Samples\Opossum.Samples.CourseManagement\Opossum.Samples.CourseManagement.csproj]
D:\Codeing\FileSystemEventStoreWithDCB\Opossum\Samples\Opossum.Samples.CourseManagement\StudentPurchasedBooks\StudentPurchasedBooksProjection.cs(93,18): warning IDE0305: Collection initialization can be simplified (https://learn.microsoft.com/dotnet/fundamentals/code-analysis/style-rules/ide0305) [D:\Codeing\FileSystemEventStoreWithDCB\Opossum\Samples\Opossum.Samples.CourseManagement\Opossum.Samples.CourseManagement.csproj]
D:\Codeing\FileSystemEventStoreWithDCB\Opossum\Samples\Opossum.Samples.DataSeeder\Core\SeedContext.cs(35,78): warning IDE0028: Collection initialization can be simplified (https://learn.microsoft.com/dotnet/fundamentals/code-analysis/style-rules/ide0028) [D:\Codeing\FileSystemEventStoreWithDCB\Opossum\Samples\Opossum.Samples.DataSeeder\Opossum.Samples.DataSeeder.csproj]
D:\Codeing\FileSystemEventStoreWithDCB\Opossum\Samples\Opossum.Samples.DataSeeder\Core\SeedContext.cs(23,68): warning IDE0028: Collection initialization can be simplified (https://learn.microsoft.com/dotnet/fundamentals/code-analysis/style-rules/ide0028) [D:\Codeing\FileSystemEventStoreWithDCB\Opossum\Samples\Opossum.Samples.DataSeeder\Opossum.Samples.DataSeeder.csproj]
D:\Codeing\FileSystemEventStoreWithDCB\Opossum\Samples\Opossum.Samples.DataSeeder\Core\SeedContext.cs(29,69): warning IDE0028: Collection initialization can be simplified (https://learn.microsoft.com/dotnet/fundamentals/code-analysis/style-rules/ide0028) [D:\Codeing\FileSystemEventStoreWithDCB\Opossum\Samples\Opossum.Samples.DataSeeder\Opossum.Samples.DataSeeder.csproj]
D:\Codeing\FileSystemEventStoreWithDCB\Opossum\Samples\Opossum.Samples.DataSeeder\SeedingConfiguration.cs(67,17): warning IDE0004: Cast is redundant. (https://learn.microsoft.com/dotnet/fundamentals/code-analysis/style-rules/ide0004) [D:\Codeing\FileSystemEventStoreWithDCB\Opossum\Samples\Opossum.Samples.DataSeeder\Opossum.Samples.DataSeeder.csproj]
D:\Codeing\FileSystemEventStoreWithDCB\Opossum\Samples\Opossum.Samples.DataSeeder\Generators\CourseBookGenerator.cs(110,36): warning IDE0004: Cast is redundant. (https://learn.microsoft.com/dotnet/fundamentals/code-analysis/style-rules/ide0004) [D:\Codeing\FileSystemEventStoreWithDCB\Opossum\Samples\Opossum.Samples.DataSeeder\Opossum.Samples.DataSeeder.csproj]
D:\Codeing\FileSystemEventStoreWithDCB\Opossum\Samples\Opossum.Samples.DataSeeder\Generators\CourseBookGenerator.cs(170,96): warning IDE0305: Collection initialization can be simplified (https://learn.microsoft.com/dotnet/fundamentals/code-analysis/style-rules/ide0305) [D:\Codeing\FileSystemEventStoreWithDCB\Opossum\Samples\Opossum.Samples.DataSeeder\Opossum.Samples.DataSeeder.csproj]
D:\Codeing\FileSystemEventStoreWithDCB\Opossum\Samples\Opossum.Samples.DataSeeder\Generators\CourseBookGenerator.cs(177,92): warning IDE0305: Collection initialization can be simplified (https://learn.microsoft.com/dotnet/fundamentals/code-analysis/style-rules/ide0305) [D:\Codeing\FileSystemEventStoreWithDCB\Opossum\Samples\Opossum.Samples.DataSeeder\Opossum.Samples.DataSeeder.csproj]
D:\Codeing\FileSystemEventStoreWithDCB\Opossum\tests\Samples\Opossum.Samples.CourseManagement.UnitTests\CourseAggregateTests.cs(162,35): warning IDE0004: Cast is redundant. (https://learn.microsoft.com/dotnet/fundamentals/code-analysis/style-rules/ide0004) [D:\Codeing\FileSystemEventStoreWithDCB\Opossum\tests\Samples\Opossum.Samples.CourseManagement.UnitTests\Opossum.Samples.CourseManagement.UnitTests.csproj]
D:\Codeing\FileSystemEventStoreWithDCB\Opossum\tests\Samples\Opossum.Samples.CourseManagement.UnitTests\CourseAggregateTests.cs(177,13): warning IDE0004: Cast is redundant. (https://learn.microsoft.com/dotnet/fundamentals/code-analysis/style-rules/ide0004) [D:\Codeing\FileSystemEventStoreWithDCB\Opossum\tests\Samples\Opossum.Samples.CourseManagement.UnitTests\Opossum.Samples.CourseManagement.UnitTests.csproj]
D:\Codeing\FileSystemEventStoreWithDCB\Opossum\tests\Samples\Opossum.Samples.CourseManagement.UnitTests\CourseAggregateTests.cs(190,13): warning IDE0004: Cast is redundant. (https://learn.microsoft.com/dotnet/fundamentals/code-analysis/style-rules/ide0004) [D:\Codeing\FileSystemEventStoreWithDCB\Opossum\tests\Samples\Opossum.Samples.CourseManagement.UnitTests\Opossum.Samples.CourseManagement.UnitTests.csproj]
D:\Codeing\FileSystemEventStoreWithDCB\Opossum\tests\Samples\Opossum.Samples.CourseManagement.UnitTests\CourseAggregateTests.cs(205,13): warning IDE0004: Cast is redundant. (https://learn.microsoft.com/dotnet/fundamentals/code-analysis/style-rules/ide0004) [D:\Codeing\FileSystemEventStoreWithDCB\Opossum\tests\Samples\Opossum.Samples.CourseManagement.UnitTests\Opossum.Samples.CourseManagement.UnitTests.csproj]
D:\Codeing\FileSystemEventStoreWithDCB\Opossum\tests\Samples\Opossum.Samples.CourseManagement.UnitTests\CourseAggregateTests.cs(220,13): warning IDE0004: Cast is redundant. (https://learn.microsoft.com/dotnet/fundamentals/code-analysis/style-rules/ide0004) [D:\Codeing\FileSystemEventStoreWithDCB\Opossum\tests\Samples\Opossum.Samples.CourseManagement.UnitTests\Opossum.Samples.CourseManagement.UnitTests.csproj]
D:\Codeing\FileSystemEventStoreWithDCB\Opossum\tests\Samples\Opossum.Samples.CourseManagement.UnitTests\CourseAggregateTests.cs(292,13): warning IDE0004: Cast is redundant. (https://learn.microsoft.com/dotnet/fundamentals/code-analysis/style-rules/ide0004) [D:\Codeing\FileSystemEventStoreWithDCB\Opossum\tests\Samples\Opossum.Samples.CourseManagement.UnitTests\Opossum.Samples.CourseManagement.UnitTests.csproj]
D:\Codeing\FileSystemEventStoreWithDCB\Opossum\tests\Samples\Opossum.Samples.CourseManagement.UnitTests\CourseAggregateTests.cs(306,13): warning IDE0004: Cast is redundant. (https://learn.microsoft.com/dotnet/fundamentals/code-analysis/style-rules/ide0004) [D:\Codeing\FileSystemEventStoreWithDCB\Opossum\tests\Samples\Opossum.Samples.CourseManagement.UnitTests\Opossum.Samples.CourseManagement.UnitTests.csproj]
D:\Codeing\FileSystemEventStoreWithDCB\Opossum\tests\Samples\Opossum.Samples.CourseManagement.UnitTests\CourseAggregateTests.cs(278,13): warning IDE0004: Cast is redundant. (https://learn.microsoft.com/dotnet/fundamentals/code-analysis/style-rules/ide0004) [D:\Codeing\FileSystemEventStoreWithDCB\Opossum\tests\Samples\Opossum.Samples.CourseManagement.UnitTests\Opossum.Samples.CourseManagement.UnitTests.csproj]
D:\Codeing\FileSystemEventStoreWithDCB\Opossum\tests\Samples\Opossum.Samples.CourseManagement.UnitTests\CourseAggregateTests.cs(320,13): warning IDE0004: Cast is redundant. (https://learn.microsoft.com/dotnet/fundamentals/code-analysis/style-rules/ide0004) [D:\Codeing\FileSystemEventStoreWithDCB\Opossum\tests\Samples\Opossum.Samples.CourseManagement.UnitTests\Opossum.Samples.CourseManagement.UnitTests.csproj]
    28 Warning(s)
    0 Error(s)

Time Elapsed 00:00:08.50
